Classic Timing Analyzer report for GG_AV
Wed Jan 07 22:10:24 2015
Quartus II Version 9.1 Build 222 10/21/2009 SJ Full Version


---------------------
; Table of Contents ;
---------------------
  1. Legal Notice
  2. Timing Analyzer Summary
  3. Timing Analyzer Settings
  4. Clock Settings Summary
  5. Clock Setup: 'pix_clk'
  6. tsu
  7. tco
  8. th
  9. Timing Analyzer Messages



----------------
; Legal Notice ;
----------------
Copyright (C) 1991-2009 Altera Corporation
Your use of Altera Corporation's design tools, logic functions 
and other software and tools, and its AMPP partner logic 
functions, and any output files from any of the foregoing 
(including device programming or simulation files), and any 
associated documentation or information are expressly subject 
to the terms and conditions of the Altera Program License 
Subscription Agreement, Altera MegaCore Function License 
Agreement, or other applicable license agreement, including, 
without limitation, that your use is for the sole purpose of 
programming logic devices manufactured by Altera and sold by 
Altera or its authorized distributors.  Please refer to the 
applicable agreement for further details.



+-----------------------------------------------------------------------------------------------------------------------------------------------------------------+
; Timing Analyzer Summary                                                                                                                                         ;
+------------------------------+-------+---------------+----------------------------------+-------------+------------------+------------+----------+--------------+
; Type                         ; Slack ; Required Time ; Actual Time                      ; From        ; To               ; From Clock ; To Clock ; Failed Paths ;
+------------------------------+-------+---------------+----------------------------------+-------------+------------------+------------+----------+--------------+
; Worst-case tsu               ; N/A   ; None          ; 6.400 ns                         ; hsync       ; blue_out[0]~reg0 ; --         ; pix_clk  ; 0            ;
; Worst-case tco               ; N/A   ; None          ; 6.700 ns                         ; cs_out~reg0 ; cs_out           ; pix_clk    ; --       ; 0            ;
; Worst-case th                ; N/A   ; None          ; -0.200 ns                        ; hsync       ; red_out[0]~reg0  ; --         ; pix_clk  ; 0            ;
; Clock Setup: 'pix_clk'       ; N/A   ; None          ; 102.04 MHz ( period = 9.800 ns ) ; cnt[0]      ; sc_out~reg0      ; pix_clk    ; pix_clk  ; 0            ;
; Total number of failed paths ;       ;               ;                                  ;             ;                  ;            ;          ; 0            ;
+------------------------------+-------+---------------+----------------------------------+-------------+------------------+------------+----------+--------------+


+-----------------------------------------------------------------------------------------------------------------------------------------------------+
; Timing Analyzer Settings                                                                                                                            ;
+------------------------------------------------------------------------------------------------------+--------------------+------+----+-------------+
; Option                                                                                               ; Setting            ; From ; To ; Entity Name ;
+------------------------------------------------------------------------------------------------------+--------------------+------+----+-------------+
; Device Name                                                                                          ; EPM3032ATC44-10    ;      ;    ;             ;
; Timing Models                                                                                        ; Final              ;      ;    ;             ;
; Default hold multicycle                                                                              ; Same as Multicycle ;      ;    ;             ;
; Cut paths between unrelated clock domains                                                            ; On                 ;      ;    ;             ;
; Cut off read during write signal paths                                                               ; On                 ;      ;    ;             ;
; Cut off feedback from I/O pins                                                                       ; On                 ;      ;    ;             ;
; Report Combined Fast/Slow Timing                                                                     ; Off                ;      ;    ;             ;
; Ignore Clock Settings                                                                                ; Off                ;      ;    ;             ;
; Analyze latches as synchronous elements                                                              ; On                 ;      ;    ;             ;
; Enable Recovery/Removal analysis                                                                     ; Off                ;      ;    ;             ;
; Enable Clock Latency                                                                                 ; Off                ;      ;    ;             ;
; Use TimeQuest Timing Analyzer                                                                        ; Off                ;      ;    ;             ;
; Number of source nodes to report per destination node                                                ; 10                 ;      ;    ;             ;
; Number of destination nodes to report                                                                ; 10                 ;      ;    ;             ;
; Number of paths to report                                                                            ; 200                ;      ;    ;             ;
; Report Minimum Timing Checks                                                                         ; Off                ;      ;    ;             ;
; Use Fast Timing Models                                                                               ; Off                ;      ;    ;             ;
; Report IO Paths Separately                                                                           ; Off                ;      ;    ;             ;
; Perform Multicorner Analysis                                                                         ; Off                ;      ;    ;             ;
; Reports the worst-case path for each clock domain and analysis                                       ; Off                ;      ;    ;             ;
; Reports worst-case timing paths for each clock domain and analysis                                   ; On                 ;      ;    ;             ;
; Specifies the maximum number of worst-case timing paths to report for each clock domain and analysis ; 100                ;      ;    ;             ;
; Removes common clock path pessimism (CCPP) during slack computation                                  ; Off                ;      ;    ;             ;
; Output I/O Timing Endpoint                                                                           ; Near End           ;      ;    ;             ;
+------------------------------------------------------------------------------------------------------+--------------------+------+----+-------------+


+------------------------------------------------------------------------------------------------------------------------------------------------------------------------------------+
; Clock Settings Summary                                                                                                                                                             ;
+-----------------+--------------------+----------+------------------+---------------+--------------+----------+-----------------------+---------------------+--------+--------------+
; Clock Node Name ; Clock Setting Name ; Type     ; Fmax Requirement ; Early Latency ; Late Latency ; Based on ; Multiply Base Fmax by ; Divide Base Fmax by ; Offset ; Phase offset ;
+-----------------+--------------------+----------+------------------+---------------+--------------+----------+-----------------------+---------------------+--------+--------------+
; pix_clk         ;                    ; User Pin ; None             ; 0.000 ns      ; 0.000 ns     ; --       ; N/A                   ; N/A                 ; N/A    ;              ;
+-----------------+--------------------+----------+------------------+---------------+--------------+----------+-----------------------+---------------------+--------+--------------+


+-----------------------------------------------------------------------------------------------------------------------------------------------------------------------------------------------------------+
; Clock Setup: 'pix_clk'                                                                                                                                                                                    ;
+-------+------------------------------------------------+------------------+-------------------+------------+----------+-----------------------------+---------------------------+-------------------------+
; Slack ; Actual fmax (period)                           ; From             ; To                ; From Clock ; To Clock ; Required Setup Relationship ; Required Longest P2P Time ; Actual Longest P2P Time ;
+-------+------------------------------------------------+------------------+-------------------+------------+----------+-----------------------------+---------------------------+-------------------------+
; N/A   ; 102.04 MHz ( period = 9.800 ns )               ; ffa_in           ; ffb_in            ; pix_clk    ; pix_clk  ; None                        ; None                      ; 5.500 ns                ;
; N/A   ; 102.04 MHz ( period = 9.800 ns )               ; ffc_in           ; ffa_in            ; pix_clk    ; pix_clk  ; None                        ; None                      ; 5.500 ns                ;
; N/A   ; 102.04 MHz ( period = 9.800 ns )               ; cnt[0]           ; cnt[1]            ; pix_clk    ; pix_clk  ; None                        ; None                      ; 5.500 ns                ;
; N/A   ; 102.04 MHz ( period = 9.800 ns )               ; ffc_in           ; ffgreen_clk       ; pix_clk    ; pix_clk  ; None                        ; None                      ; 5.500 ns                ;
; N/A   ; 102.04 MHz ( period = 9.800 ns )               ; ffa_in           ; ffred_clk         ; pix_clk    ; pix_clk  ; None                        ; None                      ; 5.500 ns                ;
; N/A   ; 102.04 MHz ( period = 9.800 ns )               ; ffred_in[3]      ; green_out[3]~reg0 ; pix_clk    ; pix_clk  ; None                        ; None                      ; 5.500 ns                ;
; N/A   ; 102.04 MHz ( period = 9.800 ns )               ; ffred_in[2]      ; green_out[2]~reg0 ; pix_clk    ; pix_clk  ; None                        ; None                      ; 5.500 ns                ;
; N/A   ; 102.04 MHz ( period = 9.800 ns )               ; ffred_in[1]      ; green_out[1]~reg0 ; pix_clk    ; pix_clk  ; None                        ; None                      ; 5.500 ns                ;
; N/A   ; 102.04 MHz ( period = 9.800 ns )               ; ffred_in[0]      ; green_out[0]~reg0 ; pix_clk    ; pix_clk  ; None                        ; None                      ; 5.500 ns                ;
; N/A   ; 102.04 MHz ( period = 9.800 ns )               ; ffred_in[3]      ; blue_out[3]~reg0  ; pix_clk    ; pix_clk  ; None                        ; None                      ; 5.500 ns                ;
; N/A   ; 102.04 MHz ( period = 9.800 ns )               ; ffred_in[2]      ; blue_out[2]~reg0  ; pix_clk    ; pix_clk  ; None                        ; None                      ; 5.500 ns                ;
; N/A   ; 102.04 MHz ( period = 9.800 ns )               ; ffred_in[1]      ; blue_out[1]~reg0  ; pix_clk    ; pix_clk  ; None                        ; None                      ; 5.500 ns                ;
; N/A   ; 102.04 MHz ( period = 9.800 ns )               ; ffred_in[0]      ; blue_out[0]~reg0  ; pix_clk    ; pix_clk  ; None                        ; None                      ; 5.500 ns                ;
; N/A   ; 102.04 MHz ( period = 9.800 ns )               ; ffred_in[3]      ; red_out[3]~reg0   ; pix_clk    ; pix_clk  ; None                        ; None                      ; 5.500 ns                ;
; N/A   ; 102.04 MHz ( period = 9.800 ns )               ; ffred_in[2]      ; red_out[2]~reg0   ; pix_clk    ; pix_clk  ; None                        ; None                      ; 5.500 ns                ;
; N/A   ; 102.04 MHz ( period = 9.800 ns )               ; ffred_in[1]      ; red_out[1]~reg0   ; pix_clk    ; pix_clk  ; None                        ; None                      ; 5.500 ns                ;
; N/A   ; 102.04 MHz ( period = 9.800 ns )               ; ffred_in[0]      ; red_out[0]~reg0   ; pix_clk    ; pix_clk  ; None                        ; None                      ; 5.500 ns                ;
; N/A   ; 102.04 MHz ( period = 9.800 ns )               ; cnt[0]           ; cnt[2]            ; pix_clk    ; pix_clk  ; None                        ; None                      ; 5.500 ns                ;
; N/A   ; 102.04 MHz ( period = 9.800 ns )               ; cnt[0]           ; sc_out~reg0       ; pix_clk    ; pix_clk  ; None                        ; None                      ; 5.500 ns                ;
; N/A   ; 103.09 MHz ( period = 9.700 ns )               ; cnt[0]           ; cnt[0]            ; pix_clk    ; pix_clk  ; None                        ; None                      ; 5.400 ns                ;
; N/A   ; 103.09 MHz ( period = 9.700 ns )               ; ffb_in           ; ffc_in            ; pix_clk    ; pix_clk  ; None                        ; None                      ; 5.400 ns                ;
; N/A   ; 103.09 MHz ( period = 9.700 ns )               ; cnt[1]           ; cnt[1]            ; pix_clk    ; pix_clk  ; None                        ; None                      ; 5.400 ns                ;
; N/A   ; 103.09 MHz ( period = 9.700 ns )               ; ffb_in           ; ffblue_clk        ; pix_clk    ; pix_clk  ; None                        ; None                      ; 5.400 ns                ;
; N/A   ; 103.09 MHz ( period = 9.700 ns )               ; ffb_in           ; blue_out[3]~reg0  ; pix_clk    ; pix_clk  ; None                        ; None                      ; 5.400 ns                ;
; N/A   ; 103.09 MHz ( period = 9.700 ns )               ; ffblue_clk       ; blue_out[3]~reg0  ; pix_clk    ; pix_clk  ; None                        ; None                      ; 5.400 ns                ;
; N/A   ; 103.09 MHz ( period = 9.700 ns )               ; blue_out[3]~reg0 ; blue_out[3]~reg0  ; pix_clk    ; pix_clk  ; None                        ; None                      ; 5.400 ns                ;
; N/A   ; 103.09 MHz ( period = 9.700 ns )               ; ffb_in           ; blue_out[2]~reg0  ; pix_clk    ; pix_clk  ; None                        ; None                      ; 5.400 ns                ;
; N/A   ; 103.09 MHz ( period = 9.700 ns )               ; ffblue_clk       ; blue_out[2]~reg0  ; pix_clk    ; pix_clk  ; None                        ; None                      ; 5.400 ns                ;
; N/A   ; 103.09 MHz ( period = 9.700 ns )               ; blue_out[2]~reg0 ; blue_out[2]~reg0  ; pix_clk    ; pix_clk  ; None                        ; None                      ; 5.400 ns                ;
; N/A   ; 103.09 MHz ( period = 9.700 ns )               ; ffb_in           ; blue_out[1]~reg0  ; pix_clk    ; pix_clk  ; None                        ; None                      ; 5.400 ns                ;
; N/A   ; 103.09 MHz ( period = 9.700 ns )               ; ffblue_clk       ; blue_out[1]~reg0  ; pix_clk    ; pix_clk  ; None                        ; None                      ; 5.400 ns                ;
; N/A   ; 103.09 MHz ( period = 9.700 ns )               ; blue_out[1]~reg0 ; blue_out[1]~reg0  ; pix_clk    ; pix_clk  ; None                        ; None                      ; 5.400 ns                ;
; N/A   ; 103.09 MHz ( period = 9.700 ns )               ; ffb_in           ; blue_out[0]~reg0  ; pix_clk    ; pix_clk  ; None                        ; None                      ; 5.400 ns                ;
; N/A   ; 103.09 MHz ( period = 9.700 ns )               ; ffblue_clk       ; blue_out[0]~reg0  ; pix_clk    ; pix_clk  ; None                        ; None                      ; 5.400 ns                ;
; N/A   ; 103.09 MHz ( period = 9.700 ns )               ; blue_out[0]~reg0 ; blue_out[0]~reg0  ; pix_clk    ; pix_clk  ; None                        ; None                      ; 5.400 ns                ;
; N/A   ; 103.09 MHz ( period = 9.700 ns )               ; cnt[1]           ; cnt[2]            ; pix_clk    ; pix_clk  ; None                        ; None                      ; 5.400 ns                ;
; N/A   ; 103.09 MHz ( period = 9.700 ns )               ; cnt[2]           ; cnt[2]            ; pix_clk    ; pix_clk  ; None                        ; None                      ; 5.400 ns                ;
; N/A   ; 103.09 MHz ( period = 9.700 ns )               ; cnt[1]           ; sc_out~reg0       ; pix_clk    ; pix_clk  ; None                        ; None                      ; 5.400 ns                ;
; N/A   ; 103.09 MHz ( period = 9.700 ns )               ; cnt[2]           ; sc_out~reg0       ; pix_clk    ; pix_clk  ; None                        ; None                      ; 5.400 ns                ;
; N/A   ; Restricted to 125.00 MHz ( period = 8.000 ns ) ; ffc_in           ; green_out[3]~reg0 ; pix_clk    ; pix_clk  ; None                        ; None                      ; 3.400 ns                ;
; N/A   ; Restricted to 125.00 MHz ( period = 8.000 ns ) ; ffc_in           ; green_out[2]~reg0 ; pix_clk    ; pix_clk  ; None                        ; None                      ; 3.400 ns                ;
; N/A   ; Restricted to 125.00 MHz ( period = 8.000 ns ) ; ffc_in           ; green_out[1]~reg0 ; pix_clk    ; pix_clk  ; None                        ; None                      ; 3.400 ns                ;
; N/A   ; Restricted to 125.00 MHz ( period = 8.000 ns ) ; ffc_in           ; green_out[0]~reg0 ; pix_clk    ; pix_clk  ; None                        ; None                      ; 3.400 ns                ;
; N/A   ; Restricted to 125.00 MHz ( period = 8.000 ns ) ; ffa_in           ; red_out[3]~reg0   ; pix_clk    ; pix_clk  ; None                        ; None                      ; 3.400 ns                ;
; N/A   ; Restricted to 125.00 MHz ( period = 8.000 ns ) ; ffa_in           ; red_out[2]~reg0   ; pix_clk    ; pix_clk  ; None                        ; None                      ; 3.400 ns                ;
; N/A   ; Restricted to 125.00 MHz ( period = 8.000 ns ) ; ffa_in           ; red_out[1]~reg0   ; pix_clk    ; pix_clk  ; None                        ; None                      ; 3.400 ns                ;
; N/A   ; Restricted to 125.00 MHz ( period = 8.000 ns ) ; ffa_in           ; red_out[0]~reg0   ; pix_clk    ; pix_clk  ; None                        ; None                      ; 3.400 ns                ;
; N/A   ; Restricted to 125.00 MHz ( period = 8.000 ns ) ; ffgreen_clk      ; green_out[3]~reg0 ; pix_clk    ; pix_clk  ; None                        ; None                      ; 3.300 ns                ;
; N/A   ; Restricted to 125.00 MHz ( period = 8.000 ns ) ; ffgreen_clk      ; green_out[2]~reg0 ; pix_clk    ; pix_clk  ; None                        ; None                      ; 3.300 ns                ;
; N/A   ; Restricted to 125.00 MHz ( period = 8.000 ns ) ; ffgreen_clk      ; green_out[1]~reg0 ; pix_clk    ; pix_clk  ; None                        ; None                      ; 3.300 ns                ;
; N/A   ; Restricted to 125.00 MHz ( period = 8.000 ns ) ; ffgreen_clk      ; green_out[0]~reg0 ; pix_clk    ; pix_clk  ; None                        ; None                      ; 3.300 ns                ;
; N/A   ; Restricted to 125.00 MHz ( period = 8.000 ns ) ; ffred_clk        ; red_out[3]~reg0   ; pix_clk    ; pix_clk  ; None                        ; None                      ; 3.300 ns                ;
; N/A   ; Restricted to 125.00 MHz ( period = 8.000 ns ) ; ffred_clk        ; red_out[2]~reg0   ; pix_clk    ; pix_clk  ; None                        ; None                      ; 3.300 ns                ;
; N/A   ; Restricted to 125.00 MHz ( period = 8.000 ns ) ; ffred_clk        ; red_out[1]~reg0   ; pix_clk    ; pix_clk  ; None                        ; None                      ; 3.300 ns                ;
; N/A   ; Restricted to 125.00 MHz ( period = 8.000 ns ) ; ffred_clk        ; red_out[0]~reg0   ; pix_clk    ; pix_clk  ; None                        ; None                      ; 3.300 ns                ;
+-------+------------------------------------------------+------------------+-------------------+------------+----------+-----------------------------+---------------------------+-------------------------+


+----------------------------------------------------------------------------+
; tsu                                                                        ;
+-------+--------------+------------+---------+-------------------+----------+
; Slack ; Required tsu ; Actual tsu ; From    ; To                ; To Clock ;
+-------+--------------+------------+---------+-------------------+----------+
; N/A   ; None         ; 6.400 ns   ; hsync   ; ffblue_clk        ; pix_clk  ;
; N/A   ; None         ; 6.400 ns   ; hsync   ; ffgreen_clk       ; pix_clk  ;
; N/A   ; None         ; 6.400 ns   ; hsync   ; ffred_clk         ; pix_clk  ;
; N/A   ; None         ; 6.400 ns   ; hsync   ; blue_out[3]~reg0  ; pix_clk  ;
; N/A   ; None         ; 6.400 ns   ; hsync   ; blue_out[2]~reg0  ; pix_clk  ;
; N/A   ; None         ; 6.400 ns   ; hsync   ; blue_out[1]~reg0  ; pix_clk  ;
; N/A   ; None         ; 6.400 ns   ; hsync   ; blue_out[0]~reg0  ; pix_clk  ;
; N/A   ; None         ; 6.300 ns   ; d_in[0] ; ffred_in[0]       ; pix_clk  ;
; N/A   ; None         ; 6.300 ns   ; d_in[1] ; ffred_in[1]       ; pix_clk  ;
; N/A   ; None         ; 6.300 ns   ; d_in[2] ; ffred_in[2]       ; pix_clk  ;
; N/A   ; None         ; 6.300 ns   ; d_in[3] ; ffred_in[3]       ; pix_clk  ;
; N/A   ; None         ; 6.300 ns   ; csync   ; cs_out~reg0       ; pix_clk  ;
; N/A   ; None         ; 4.300 ns   ; hsync   ; green_out[3]~reg0 ; pix_clk  ;
; N/A   ; None         ; 4.300 ns   ; hsync   ; green_out[2]~reg0 ; pix_clk  ;
; N/A   ; None         ; 4.300 ns   ; hsync   ; green_out[1]~reg0 ; pix_clk  ;
; N/A   ; None         ; 4.300 ns   ; hsync   ; green_out[0]~reg0 ; pix_clk  ;
; N/A   ; None         ; 4.300 ns   ; hsync   ; red_out[3]~reg0   ; pix_clk  ;
; N/A   ; None         ; 4.300 ns   ; hsync   ; red_out[2]~reg0   ; pix_clk  ;
; N/A   ; None         ; 4.300 ns   ; hsync   ; red_out[1]~reg0   ; pix_clk  ;
; N/A   ; None         ; 4.300 ns   ; hsync   ; red_out[0]~reg0   ; pix_clk  ;
+-------+--------------+------------+---------+-------------------+----------+


+-----------------------------------------------------------------------------------+
; tco                                                                               ;
+-------+--------------+------------+-------------------+--------------+------------+
; Slack ; Required tco ; Actual tco ; From              ; To           ; From Clock ;
+-------+--------------+------------+-------------------+--------------+------------+
; N/A   ; None         ; 6.700 ns   ; sc_out~reg0       ; sc_out       ; pix_clk    ;
; N/A   ; None         ; 6.700 ns   ; blue_out[0]~reg0  ; blue_out[0]  ; pix_clk    ;
; N/A   ; None         ; 6.700 ns   ; blue_out[1]~reg0  ; blue_out[1]  ; pix_clk    ;
; N/A   ; None         ; 6.700 ns   ; blue_out[2]~reg0  ; blue_out[2]  ; pix_clk    ;
; N/A   ; None         ; 6.700 ns   ; blue_out[3]~reg0  ; blue_out[3]  ; pix_clk    ;
; N/A   ; None         ; 6.700 ns   ; red_out[0]~reg0   ; red_out[0]   ; pix_clk    ;
; N/A   ; None         ; 6.700 ns   ; red_out[1]~reg0   ; red_out[1]   ; pix_clk    ;
; N/A   ; None         ; 6.700 ns   ; red_out[2]~reg0   ; red_out[2]   ; pix_clk    ;
; N/A   ; None         ; 6.700 ns   ; red_out[3]~reg0   ; red_out[3]   ; pix_clk    ;
; N/A   ; None         ; 6.700 ns   ; green_out[0]~reg0 ; green_out[0] ; pix_clk    ;
; N/A   ; None         ; 6.700 ns   ; green_out[1]~reg0 ; green_out[1] ; pix_clk    ;
; N/A   ; None         ; 6.700 ns   ; green_out[2]~reg0 ; green_out[2] ; pix_clk    ;
; N/A   ; None         ; 6.700 ns   ; green_out[3]~reg0 ; green_out[3] ; pix_clk    ;
; N/A   ; None         ; 6.700 ns   ; cs_out~reg0       ; cs_out       ; pix_clk    ;
+-------+--------------+------------+-------------------+--------------+------------+


+----------------------------------------------------------------------------------+
; th                                                                               ;
+---------------+-------------+-----------+---------+-------------------+----------+
; Minimum Slack ; Required th ; Actual th ; From    ; To                ; To Clock ;
+---------------+-------------+-----------+---------+-------------------+----------+
; N/A           ; None        ; -0.200 ns ; hsync   ; green_out[3]~reg0 ; pix_clk  ;
; N/A           ; None        ; -0.200 ns ; hsync   ; green_out[2]~reg0 ; pix_clk  ;
; N/A           ; None        ; -0.200 ns ; hsync   ; green_out[1]~reg0 ; pix_clk  ;
; N/A           ; None        ; -0.200 ns ; hsync   ; green_out[0]~reg0 ; pix_clk  ;
; N/A           ; None        ; -0.200 ns ; hsync   ; red_out[3]~reg0   ; pix_clk  ;
; N/A           ; None        ; -0.200 ns ; hsync   ; red_out[2]~reg0   ; pix_clk  ;
; N/A           ; None        ; -0.200 ns ; hsync   ; red_out[1]~reg0   ; pix_clk  ;
; N/A           ; None        ; -0.200 ns ; hsync   ; red_out[0]~reg0   ; pix_clk  ;
; N/A           ; None        ; -2.200 ns ; d_in[0] ; ffred_in[0]       ; pix_clk  ;
; N/A           ; None        ; -2.200 ns ; d_in[1] ; ffred_in[1]       ; pix_clk  ;
; N/A           ; None        ; -2.200 ns ; d_in[2] ; ffred_in[2]       ; pix_clk  ;
; N/A           ; None        ; -2.200 ns ; d_in[3] ; ffred_in[3]       ; pix_clk  ;
; N/A           ; None        ; -2.200 ns ; csync   ; cs_out~reg0       ; pix_clk  ;
; N/A           ; None        ; -2.300 ns ; hsync   ; ffblue_clk        ; pix_clk  ;
; N/A           ; None        ; -2.300 ns ; hsync   ; ffgreen_clk       ; pix_clk  ;
; N/A           ; None        ; -2.300 ns ; hsync   ; ffred_clk         ; pix_clk  ;
; N/A           ; None        ; -2.300 ns ; hsync   ; blue_out[3]~reg0  ; pix_clk  ;
; N/A           ; None        ; -2.300 ns ; hsync   ; blue_out[2]~reg0  ; pix_clk  ;
; N/A           ; None        ; -2.300 ns ; hsync   ; blue_out[1]~reg0  ; pix_clk  ;
; N/A           ; None        ; -2.300 ns ; hsync   ; blue_out[0]~reg0  ; pix_clk  ;
+---------------+-------------+-----------+---------+-------------------+----------+


+--------------------------+
; Timing Analyzer Messages ;
+--------------------------+
Info: *******************************************************************
Info: Running Quartus II Classic Timing Analyzer
    Info: Version 9.1 Build 222 10/21/2009 SJ Full Version
    Info: Processing started: Wed Jan 07 22:10:23 2015
Info: Command: quartus_tan --read_settings_files=off --write_settings_files=off GG_AV -c GG_AV
Info: Only one processor detected - disabling parallel compilation
Info: Started post-fitting delay annotation
Info: Delay annotation completed successfully
Warning: Timing Analysis does not support the analysis of latches as synchronous elements for the currently selected device family
Warning: Found pins functioning as undefined clocks and/or memory enables
    Info: Assuming node "pix_clk" is an undefined clock
Info: Clock "pix_clk" has Internal fmax of 102.04 MHz between source register "ffa_in" and destination register "ffb_in" (period= 9.8 ns)
    Info: + Longest register to register delay is 5.500 ns
        Info: 1: + IC(0.000 ns) + CELL(0.000 ns) = 0.000 ns; Loc. = LC3; Fanout = 6; REG Node = 'ffa_in'
        Info: 2: + IC(2.200 ns) + CELL(3.300 ns) = 5.500 ns; Loc. = LC9; Fanout = 10; REG Node = 'ffb_in'
        Info: Total cell delay = 3.300 ns ( 60.00 % )
        Info: Total interconnect delay = 2.200 ns ( 40.00 % )
    Info: - Smallest clock skew is 0.000 ns
        Info: + Shortest clock path from clock "pix_clk" to destination register is 3.400 ns
            Info: 1: + IC(0.000 ns) + CELL(2.100 ns) = 2.100 ns; Loc. = PIN_37; Fanout = 27; CLK Node = 'pix_clk'
            Info: 2: + IC(0.000 ns) + CELL(1.300 ns) = 3.400 ns; Loc. = LC9; Fanout = 10; REG Node = 'ffb_in'
            Info: Total cell delay = 3.400 ns ( 100.00 % )
        Info: - Longest clock path from clock "pix_clk" to source register is 3.400 ns
            Info: 1: + IC(0.000 ns) + CELL(2.100 ns) = 2.100 ns; Loc. = PIN_37; Fanout = 27; CLK Node = 'pix_clk'
            Info: 2: + IC(0.000 ns) + CELL(1.300 ns) = 3.400 ns; Loc. = LC3; Fanout = 6; REG Node = 'ffa_in'
            Info: Total cell delay = 3.400 ns ( 100.00 % )
    Info: + Micro clock to output delay of source is 1.500 ns
    Info: + Micro setup delay of destination is 2.800 ns
Info: tsu for register "ffblue_clk" (data pin = "hsync", clock pin = "pix_clk") is 6.400 ns
    Info: + Longest pin to register delay is 7.000 ns
        Info: 1: + IC(0.000 ns) + CELL(2.100 ns) = 2.100 ns; Loc. = PIN_39; Fanout = 19; PIN Node = 'hsync'
        Info: 2: + IC(1.600 ns) + CELL(3.300 ns) = 7.000 ns; Loc. = LC5; Fanout = 12; REG Node = 'ffblue_clk'
        Info: Total cell delay = 5.400 ns ( 77.14 % )
        Info: Total interconnect delay = 1.600 ns ( 22.86 % )
    Info: + Micro setup delay of destination is 2.800 ns
    Info: - Shortest clock path from clock "pix_clk" to destination register is 3.400 ns
        Info: 1: + IC(0.000 ns) + CELL(2.100 ns) = 2.100 ns; Loc. = PIN_37; Fanout = 27; CLK Node = 'pix_clk'
        Info: 2: + IC(0.000 ns) + CELL(1.300 ns) = 3.400 ns; Loc. = LC5; Fanout = 12; REG Node = 'ffblue_clk'
        Info: Total cell delay = 3.400 ns ( 100.00 % )
Info: tco from clock "pix_clk" to destination pin "sc_out" through register "sc_out~reg0" is 6.700 ns
    Info: + Longest clock path from clock "pix_clk" to source register is 3.400 ns
        Info: 1: + IC(0.000 ns) + CELL(2.100 ns) = 2.100 ns; Loc. = PIN_37; Fanout = 27; CLK Node = 'pix_clk'
        Info: 2: + IC(0.000 ns) + CELL(1.300 ns) = 3.400 ns; Loc. = LC28; Fanout = 1; REG Node = 'sc_out~reg0'
        Info: Total cell delay = 3.400 ns ( 100.00 % )
    Info: + Micro clock to output delay of source is 1.500 ns
    Info: + Longest register to pin delay is 1.800 ns
        Info: 1: + IC(0.000 ns) + CELL(0.000 ns) = 0.000 ns; Loc. = LC28; Fanout = 1; REG Node = 'sc_out~reg0'
        Info: 2: + IC(0.000 ns) + CELL(1.800 ns) = 1.800 ns; Loc. = PIN_22; Fanout = 0; PIN Node = 'sc_out'
        Info: Total cell delay = 1.800 ns ( 100.00 % )
Info: th for register "green_out[3]~reg0" (data pin = "hsync", clock pin = "pix_clk") is -0.200 ns
    Info: + Longest clock path from clock "pix_clk" to destination register is 3.400 ns
        Info: 1: + IC(0.000 ns) + CELL(2.100 ns) = 2.100 ns; Loc. = PIN_37; Fanout = 27; CLK Node = 'pix_clk'
        Info: 2: + IC(0.000 ns) + CELL(1.300 ns) = 3.400 ns; Loc. = LC32; Fanout = 1; REG Node = 'green_out[3]~reg0'
        Info: Total cell delay = 3.400 ns ( 100.00 % )
    Info: + Micro hold delay of destination is 1.300 ns
    Info: - Shortest pin to register delay is 4.900 ns
        Info: 1: + IC(0.000 ns) + CELL(2.100 ns) = 2.100 ns; Loc. = PIN_39; Fanout = 19; PIN Node = 'hsync'
        Info: 2: + IC(1.600 ns) + CELL(1.200 ns) = 4.900 ns; Loc. = LC32; Fanout = 1; REG Node = 'green_out[3]~reg0'
        Info: Total cell delay = 3.300 ns ( 67.35 % )
        Info: Total interconnect delay = 1.600 ns ( 32.65 % )
Info: Quartus II Classic Timing Analyzer was successful. 0 errors, 2 warnings
    Info: Peak virtual memory: 124 megabytes
    Info: Processing ended: Wed Jan 07 22:10:24 2015
    Info: Elapsed time: 00:00:01
    Info: Total CPU time (on all processors): 00:00:00


