Fitter report for GG_AV
Sun Jan 11 22:52:30 2015
Quartus II Version 9.1 Build 222 10/21/2009 SJ Full Version


---------------------
; Table of Contents ;
---------------------
  1. Legal Notice
  2. Fitter Summary
  3. Fitter Settings
  4. Pin-Out File
  5. Fitter Resource Usage Summary
  6. Input Pins
  7. Output Pins
  8. All Package Pins
  9. I/O Standard
 10. Dedicated Inputs I/O
 11. Output Pin Default Load For Reported TCO
 12. Fitter Resource Utilization by Entity
 13. Control Signals
 14. Global & Other Fast Signals
 15. Non-Global High Fan-Out Signals
 16. Interconnect Usage Summary
 17. LAB Macrocells
 18. Logic Cell Interconnection
 19. Fitter Device Options
 20. Fitter Messages



----------------
; Legal Notice ;
----------------
Copyright (C) 1991-2009 Altera Corporation
Your use of Altera Corporation's design tools, logic functions 
and other software and tools, and its AMPP partner logic 
functions, and any output files from any of the foregoing 
(including device programming or simulation files), and any 
associated documentation or information are expressly subject 
to the terms and conditions of the Altera Program License 
Subscription Agreement, Altera MegaCore Function License 
Agreement, or other applicable license agreement, including, 
without limitation, that your use is for the sole purpose of 
programming logic devices manufactured by Altera and sold by 
Altera or its authorized distributors.  Please refer to the 
applicable agreement for further details.



+------------------------------------------------------------------+
; Fitter Summary                                                   ;
+-----------------------+------------------------------------------+
; Fitter Status         ; Successful - Sun Jan 11 22:52:30 2015    ;
; Quartus II Version    ; 9.1 Build 222 10/21/2009 SJ Full Version ;
; Revision Name         ; GG_AV                                    ;
; Top-level Entity Name ; GG_AV                                    ;
; Family                ; MAX3000A                                 ;
; Device                ; EPM3032ATC44-10                          ;
; Timing Models         ; Final                                    ;
; Total macrocells      ; 22 / 32 ( 69 % )                         ;
; Total pins            ; 27 / 34 ( 79 % )                         ;
+-----------------------+------------------------------------------+


+--------------------------------------------------------------------------------------------------------------+
; Fitter Settings                                                                                              ;
+----------------------------------------------------------------------------+-----------------+---------------+
; Option                                                                     ; Setting         ; Default Value ;
+----------------------------------------------------------------------------+-----------------+---------------+
; Device                                                                     ; EPM3032ATC44-10 ;               ;
; Use smart compilation                                                      ; On              ; Off           ;
; Fitter Effort                                                              ; Standard Fit    ; Auto Fit      ;
; Enable parallel Assembler and TimeQuest Timing Analyzer during compilation ; On              ; On            ;
; Enable compact report table                                                ; Off             ; Off           ;
; Use TimeQuest Timing Analyzer                                              ; Off             ; Off           ;
; Optimize Timing for ECOs                                                   ; Off             ; Off           ;
; Regenerate full fit report during ECO compiles                             ; Off             ; Off           ;
; Optimize IOC Register Placement for Timing                                 ; On              ; On            ;
; Limit to One Fitting Attempt                                               ; Off             ; Off           ;
; Fitter Initial Placement Seed                                              ; 1               ; 1             ;
; Slow Slew Rate                                                             ; Off             ; Off           ;
; Force Fitter to Avoid Periphery Placement Warnings                         ; Off             ; Off           ;
; Use Best Effort Settings for Compilation                                   ; Off             ; Off           ;
+----------------------------------------------------------------------------+-----------------+---------------+


+--------------+
; Pin-Out File ;
+--------------+
The pin-out file can be found in C:/Documents and Settings/steward/gamegear_av/GG_AV.pin.


+------------------------------------------------------+
; Fitter Resource Usage Summary                        ;
+-----------------------------------+------------------+
; Resource                          ; Usage            ;
+-----------------------------------+------------------+
; Logic cells                       ; 22 / 32 ( 69 % ) ;
; Registers                         ; 19 / 32 ( 59 % ) ;
; Number of pterms used             ; 39               ;
; User inserted logic elements      ; 0                ;
; I/O pins                          ; 27 / 34 ( 79 % ) ;
;     -- Clock pins                 ; 2 / 2 ( 100 % )  ;
;     -- Dedicated input pins       ; 2 / 2 ( 100 % )  ;
; Global signals                    ; 2                ;
; Shareable expanders               ; 0 / 32 ( 0 % )   ;
; Parallel expanders                ; 0 / 30 ( 0 % )   ;
; Cells using turbo bit             ; 22 / 32 ( 69 % ) ;
; Maximum fan-out node              ; en_in            ;
; Maximum fan-out                   ; 15               ;
; Highest non-global fan-out signal ; ffb              ;
; Highest non-global fan-out        ; 5                ;
; Total fan-out                     ; 83               ;
; Average fan-out                   ; 1.69             ;
+-----------------------------------+------------------+


+------------------------------------------------------------------------------------------------------------------------------+
; Input Pins                                                                                                                   ;
+---------+-------+----------+-----+-----------------------+--------------------+--------+--------------+----------------------+
; Name    ; Pin # ; I/O Bank ; LAB ; Combinational Fan-Out ; Registered Fan-Out ; Global ; I/O Standard ; Location assigned by ;
+---------+-------+----------+-----+-----------------------+--------------------+--------+--------------+----------------------+
; csync   ; 35    ; --       ; 2   ; 1                     ; 0                  ; no     ; 3.3-V LVTTL  ; User                 ;
; d_in[0] ; 44    ; --       ; 1   ; 3                     ; 0                  ; no     ; 3.3-V LVTTL  ; User                 ;
; d_in[1] ; 43    ; --       ; 1   ; 3                     ; 0                  ; no     ; 3.3-V LVTTL  ; User                 ;
; d_in[2] ; 42    ; --       ; 1   ; 3                     ; 0                  ; no     ; 3.3-V LVTTL  ; User                 ;
; d_in[3] ; 40    ; --       ; --  ; 3                     ; 0                  ; no     ; 3.3-V LVTTL  ; User                 ;
; en_in   ; 38    ; --       ; --  ; 15                    ; 0                  ; yes    ; 3.3-V LVTTL  ; User                 ;
; hsync   ; 39    ; --       ; --  ; 3                     ; 0                  ; no     ; 3.3-V LVTTL  ; User                 ;
; pix_clk ; 37    ; --       ; --  ; 7                     ; 0                  ; yes    ; 3.3-V LVTTL  ; User                 ;
+---------+-------+----------+-----+-----------------------+--------------------+--------+--------------+----------------------+


+--------------------------------------------------------------------------------------------------------------------------------------------------------------------------------------------------+
; Output Pins                                                                                                                                                                                      ;
+--------------+-------+----------+-----+-----------------+----------------+------------+---------------+--------------+----------------------+-------+----------------------+---------------------+
; Name         ; Pin # ; I/O Bank ; LAB ; Output Register ; Slow Slew Rate ; Open Drain ; TRI Primitive ; I/O Standard ; Location assigned by ; Load  ; Output Enable Source ; Output Enable Group ;
+--------------+-------+----------+-----+-----------------+----------------+------------+---------------+--------------+----------------------+-------+----------------------+---------------------+
; blue_out[0]  ; 15    ; --       ; 1   ; no              ; no             ; no         ; yes           ; 3.3-V LVTTL  ; User                 ; 10 pF ; -                    ; -                   ;
; blue_out[1]  ; 14    ; --       ; 1   ; no              ; no             ; no         ; yes           ; 3.3-V LVTTL  ; User                 ; 10 pF ; -                    ; -                   ;
; blue_out[2]  ; 10    ; --       ; 1   ; no              ; no             ; no         ; yes           ; 3.3-V LVTTL  ; User                 ; 10 pF ; -                    ; -                   ;
; blue_out[3]  ; 8     ; --       ; 1   ; no              ; no             ; no         ; yes           ; 3.3-V LVTTL  ; User                 ; 10 pF ; -                    ; -                   ;
; cs_out       ; 31    ; --       ; 2   ; no              ; no             ; no         ; yes           ; 3.3-V LVTTL  ; User                 ; 10 pF ; -                    ; -                   ;
; en_out       ; 33    ; --       ; 2   ; no              ; no             ; no         ; no            ; 3.3-V LVTTL  ; User                 ; 10 pF ; -                    ; -                   ;
; green_out[0] ; 21    ; --       ; 2   ; no              ; no             ; no         ; yes           ; 3.3-V LVTTL  ; User                 ; 10 pF ; -                    ; -                   ;
; green_out[1] ; 20    ; --       ; 2   ; no              ; no             ; no         ; yes           ; 3.3-V LVTTL  ; User                 ; 10 pF ; -                    ; -                   ;
; green_out[2] ; 19    ; --       ; 2   ; no              ; no             ; no         ; yes           ; 3.3-V LVTTL  ; User                 ; 10 pF ; -                    ; -                   ;
; green_out[3] ; 18    ; --       ; 2   ; no              ; no             ; no         ; yes           ; 3.3-V LVTTL  ; User                 ; 10 pF ; -                    ; -                   ;
; red_out[0]   ; 28    ; --       ; 2   ; no              ; no             ; no         ; yes           ; 3.3-V LVTTL  ; User                 ; 10 pF ; -                    ; -                   ;
; red_out[1]   ; 27    ; --       ; 2   ; no              ; no             ; no         ; yes           ; 3.3-V LVTTL  ; User                 ; 10 pF ; -                    ; -                   ;
; red_out[2]   ; 25    ; --       ; 2   ; no              ; no             ; no         ; yes           ; 3.3-V LVTTL  ; User                 ; 10 pF ; -                    ; -                   ;
; red_out[3]   ; 23    ; --       ; 2   ; no              ; no             ; no         ; yes           ; 3.3-V LVTTL  ; User                 ; 10 pF ; -                    ; -                   ;
; sc_out       ; 22    ; --       ; 2   ; no              ; no             ; no         ; yes           ; 3.3-V LVTTL  ; User                 ; 10 pF ; -                    ; -                   ;
+--------------+-------+----------+-----+-----------------+----------------+------------+---------------+--------------+----------------------+-------+----------------------+---------------------+


+-------------------------------------------------------------------------------------------------------+
; All Package Pins                                                                                      ;
+----------+------------+----------+----------------+--------+--------------+---------+-----------------+
; Location ; Pad Number ; I/O Bank ; Pin Name/Usage ; Dir.   ; I/O Standard ; Voltage ; User Assignment ;
+----------+------------+----------+----------------+--------+--------------+---------+-----------------+
; 1        ; 6          ; --       ; TDI            ; input  ; 3.3-V LVTTL  ;         ; N               ;
; 2        ; 7          ; --       ; RESERVED       ;        ;              ;         ;                 ;
; 3        ; 8          ; --       ; RESERVED       ;        ;              ;         ;                 ;
; 4        ; 9          ; --       ; GND            ; gnd    ;              ;         ;                 ;
; 5        ; 10         ; --       ; RESERVED       ;        ;              ;         ;                 ;
; 6        ; 11         ; --       ; RESERVED       ;        ;              ;         ;                 ;
; 7        ; 12         ; --       ; TMS            ; input  ; 3.3-V LVTTL  ;         ; N               ;
; 8        ; 13         ; --       ; blue_out[3]    ; output ; 3.3-V LVTTL  ;         ; Y               ;
; 9        ; 14         ; --       ; VCCIO          ; power  ;              ; 3.3V    ;                 ;
; 10       ; 15         ; --       ; blue_out[2]    ; output ; 3.3-V LVTTL  ;         ; Y               ;
; 11       ; 16         ; --       ; GND            ; gnd    ;              ;         ;                 ;
; 12       ; 17         ; --       ; RESERVED       ;        ;              ;         ;                 ;
; 13       ; 18         ; --       ; RESERVED       ;        ;              ;         ;                 ;
; 14       ; 19         ; --       ; blue_out[1]    ; output ; 3.3-V LVTTL  ;         ; Y               ;
; 15       ; 20         ; --       ; blue_out[0]    ; output ; 3.3-V LVTTL  ;         ; Y               ;
; 16       ; 21         ; --       ; GND            ; gnd    ;              ;         ;                 ;
; 17       ; 22         ; --       ; VCCINT         ; power  ;              ; 3.3V    ;                 ;
; 18       ; 23         ; --       ; green_out[3]   ; output ; 3.3-V LVTTL  ;         ; Y               ;
; 19       ; 24         ; --       ; green_out[2]   ; output ; 3.3-V LVTTL  ;         ; Y               ;
; 20       ; 25         ; --       ; green_out[1]   ; output ; 3.3-V LVTTL  ;         ; Y               ;
; 21       ; 26         ; --       ; green_out[0]   ; output ; 3.3-V LVTTL  ;         ; Y               ;
; 22       ; 27         ; --       ; sc_out         ; output ; 3.3-V LVTTL  ;         ; Y               ;
; 23       ; 28         ; --       ; red_out[3]     ; output ; 3.3-V LVTTL  ;         ; Y               ;
; 24       ; 29         ; --       ; GND            ; gnd    ;              ;         ;                 ;
; 25       ; 30         ; --       ; red_out[2]     ; output ; 3.3-V LVTTL  ;         ; Y               ;
; 26       ; 31         ; --       ; TCK            ; input  ; 3.3-V LVTTL  ;         ; N               ;
; 27       ; 32         ; --       ; red_out[1]     ; output ; 3.3-V LVTTL  ;         ; Y               ;
; 28       ; 33         ; --       ; red_out[0]     ; output ; 3.3-V LVTTL  ;         ; Y               ;
; 29       ; 34         ; --       ; VCCIO          ; power  ;              ; 3.3V    ;                 ;
; 30       ; 35         ; --       ; GND            ; gnd    ;              ;         ;                 ;
; 31       ; 36         ; --       ; cs_out         ; output ; 3.3-V LVTTL  ;         ; Y               ;
; 32       ; 37         ; --       ; TDO            ; output ; 3.3-V LVTTL  ;         ; N               ;
; 33       ; 38         ; --       ; en_out         ; output ; 3.3-V LVTTL  ;         ; Y               ;
; 34       ; 39         ; --       ; RESERVED       ;        ;              ;         ;                 ;
; 35       ; 40         ; --       ; csync          ; input  ; 3.3-V LVTTL  ;         ; Y               ;
; 36       ; 41         ; --       ; GND            ; gnd    ;              ;         ;                 ;
; 37       ; 42         ; --       ; pix_clk        ; input  ; 3.3-V LVTTL  ;         ; Y               ;
; 38       ; 43         ; --       ; en_in          ; input  ; 3.3-V LVTTL  ;         ; Y               ;
; 39       ; 0          ; --       ; hsync          ; input  ; 3.3-V LVTTL  ;         ; Y               ;
; 40       ; 1          ; --       ; d_in[3]        ; input  ; 3.3-V LVTTL  ;         ; Y               ;
; 41       ; 2          ; --       ; VCCINT         ; power  ;              ; 3.3V    ;                 ;
; 42       ; 3          ; --       ; d_in[2]        ; input  ; 3.3-V LVTTL  ;         ; Y               ;
; 43       ; 4          ; --       ; d_in[1]        ; input  ; 3.3-V LVTTL  ;         ; Y               ;
; 44       ; 5          ; --       ; d_in[0]        ; input  ; 3.3-V LVTTL  ;         ; Y               ;
+----------+------------+----------+----------------+--------+--------------+---------+-----------------+
Note: Pin directions (input, output or bidir) are based on device operating in user mode.


+--------------------------------------------------------------------------------------------------+
; I/O Standard                                                                                     ;
+--------------+------------+----------------------+-------------------+-------------------+-------+
; I/O Standard ; Input Vref ; Dedicated Input Pins ; Pins in I/O Bank1 ; Pins in I/O Bank2 ; Total ;
+--------------+------------+----------------------+-------------------+-------------------+-------+
; 3.3-V LVTTL  ; -          ; 4                    ; 0                 ; 0                 ; 4     ;
+--------------+------------+----------------------+-------------------+-------------------+-------+


+-----------------------------------------------------------------------+
; Dedicated Inputs I/O                                                  ;
+---------+-------+-------+-------+--------------+------------+---------+
; Name    ; Pin # ; Type  ; VCCIO ; I/O Standard ; Input Vref ; Current ;
+---------+-------+-------+-------+--------------+------------+---------+
; d_in[3] ; 40    ; Input ; --    ; 3.3-V LVTTL  ; -          ; 0 mA    ;
; en_in   ; 38    ; Input ; --    ; 3.3-V LVTTL  ; -          ; 0 mA    ;
; hsync   ; 39    ; Input ; --    ; 3.3-V LVTTL  ; -          ; 0 mA    ;
; pix_clk ; 37    ; Input ; --    ; 3.3-V LVTTL  ; -          ; 0 mA    ;
+---------+-------+-------+-------+--------------+------------+---------+


+-----------------------------------------------+
; Output Pin Default Load For Reported TCO      ;
+--------------+-------+------------------------+
; I/O Standard ; Load  ; Termination Resistance ;
+--------------+-------+------------------------+
; 3.3-V LVTTL  ; 10 pF ; Not Available          ;
; 3.3-V LVCMOS ; 10 pF ; Not Available          ;
; 3.3-V PCI    ; 10 pF ; 25 Ohm (Parallel)      ;
; 2.5 V        ; 10 pF ; Not Available          ;
+--------------+-------+------------------------+
Note: User assignments will override these defaults. The user specified values are listed in the Output Pins and Bidir Pins tables.


+--------------------------------------------------------------------------------------------------------+
; Fitter Resource Utilization by Entity                                                                  ;
+---------------------------------+------------+------+-----------------------------------+--------------+
; Compilation Hierarchy Node      ; Macrocells ; Pins ; Full Hierarchy Name               ; Library Name ;
+---------------------------------+------------+------+-----------------------------------+--------------+
; |GG_AV                          ; 22         ; 27   ; |GG_AV                            ; work         ;
;    |lpm_counter:div_nine_rtl_0| ; 4          ; 0    ; |GG_AV|lpm_counter:div_nine_rtl_0 ; work         ;
+---------------------------------+------------+------+-----------------------------------+--------------+


+-------------------------------------------------------------------------------------------------+
; Control Signals                                                                                 ;
+---------+----------+---------+---------------+--------+----------------------+------------------+
; Name    ; Location ; Fan-Out ; Usage         ; Global ; Global Resource Used ; Global Line Name ;
+---------+----------+---------+---------------+--------+----------------------+------------------+
; en_in   ; PIN_38   ; 15      ; Output enable ; yes    ; On                   ; --               ;
; ffa     ; LC20     ; 5       ; Clock         ; no     ; --                   ; --               ;
; ffb     ; LC6      ; 5       ; Clock         ; no     ; --                   ; --               ;
; ffc     ; LC13     ; 5       ; Clock         ; no     ; --                   ; --               ;
; hsync   ; PIN_39   ; 3       ; Async. clear  ; no     ; --                   ; --               ;
; pix_clk ; PIN_37   ; 7       ; Clock         ; yes    ; On                   ; --               ;
+---------+----------+---------+---------------+--------+----------------------+------------------+


+------------------------------------------------------------------------+
; Global & Other Fast Signals                                            ;
+---------+----------+---------+----------------------+------------------+
; Name    ; Location ; Fan-Out ; Global Resource Used ; Global Line Name ;
+---------+----------+---------+----------------------+------------------+
; en_in   ; PIN_38   ; 15      ; On                   ; --               ;
; pix_clk ; PIN_37   ; 7       ; On                   ; --               ;
+---------+----------+---------+----------------------+------------------+


+----------------------------------------------+
; Non-Global High Fan-Out Signals              ;
+------------------------------------+---------+
; Name                               ; Fan-Out ;
+------------------------------------+---------+
; lpm_counter:div_nine_rtl_0|dffs[3] ; 5       ;
; ffa                                ; 5       ;
; ffc                                ; 5       ;
; ffb                                ; 5       ;
; lpm_counter:div_nine_rtl_0|dffs[0] ; 4       ;
; hsync                              ; 3       ;
; d_in[3]                            ; 3       ;
; d_in[2]                            ; 3       ;
; d_in[1]                            ; 3       ;
; d_in[0]                            ; 3       ;
; lpm_counter:div_nine_rtl_0|dffs[2] ; 3       ;
; lpm_counter:div_nine_rtl_0|dffs[1] ; 3       ;
; csync                              ; 1       ;
; op_3~1                             ; 1       ;
; red_dff[0]                         ; 1       ;
; red_dff[1]                         ; 1       ;
; red_dff[2]                         ; 1       ;
; red_dff[3]                         ; 1       ;
; green_dff[0]                       ; 1       ;
; green_dff[1]                       ; 1       ;
; green_dff[2]                       ; 1       ;
; green_dff[3]                       ; 1       ;
; blue_dff[0]                        ; 1       ;
; blue_dff[1]                        ; 1       ;
; blue_dff[2]                        ; 1       ;
; blue_dff[3]                        ; 1       ;
; en_in~4                            ; 1       ;
; csync~1                            ; 1       ;
+------------------------------------+---------+


+-----------------------------------------------+
; Interconnect Usage Summary                    ;
+----------------------------+------------------+
; Interconnect Resource Type ; Usage            ;
+----------------------------+------------------+
; Output enables             ; 1 / 6 ( 17 % )   ;
; PIA buffers                ; 20 / 72 ( 28 % ) ;
+----------------------------+------------------+


+-----------------------------------------------------------------------+
; LAB Macrocells                                                        ;
+-----------------------------------------+-----------------------------+
; Number of Macrocells  (Average = 11.00) ; Number of LABs  (Total = 2) ;
+-----------------------------------------+-----------------------------+
; 0                                       ; 0                           ;
; 1                                       ; 0                           ;
; 2                                       ; 0                           ;
; 3                                       ; 0                           ;
; 4                                       ; 0                           ;
; 5                                       ; 0                           ;
; 6                                       ; 1                           ;
; 7                                       ; 0                           ;
; 8                                       ; 0                           ;
; 9                                       ; 0                           ;
; 10                                      ; 0                           ;
; 11                                      ; 0                           ;
; 12                                      ; 0                           ;
; 13                                      ; 0                           ;
; 14                                      ; 0                           ;
; 15                                      ; 0                           ;
; 16                                      ; 1                           ;
+-----------------------------------------+-----------------------------+


+-------------------------------------------------------------------------------------------------------------------------------------------------------------------------------------------------------------------------------------------------------------------------------------------------------------------------------------+
; Logic Cell Interconnection                                                                                                                                                                                                                                                                                                          ;
+-----+------------+---------------------------------------------------------------------------------------------------------------------------------------------------------+--------------------------------------------------------------------------------------------------------------------------------------------------------+
; LAB ; Logic Cell ; Input                                                                                                                                                   ; Output                                                                                                                                                 ;
+-----+------------+---------------------------------------------------------------------------------------------------------------------------------------------------------+--------------------------------------------------------------------------------------------------------------------------------------------------------+
;  A  ; LC6        ; pix_clk, ffa, hsync                                                                                                                                     ; ffc, blue_dff[3], blue_dff[2], blue_dff[1], blue_dff[0]                                                                                                ;
;  A  ; LC13       ; pix_clk, ffb, hsync                                                                                                                                     ; ffa, green_dff[3], green_dff[2], green_dff[1], green_dff[0]                                                                                            ;
;  A  ; LC10       ; d_in[3], ffb                                                                                                                                            ; blue_out[3]                                                                                                                                            ;
;  A  ; LC11       ; d_in[2], ffb                                                                                                                                            ; blue_out[2]                                                                                                                                            ;
;  A  ; LC15       ; d_in[1], ffb                                                                                                                                            ; blue_out[1]                                                                                                                                            ;
;  A  ; LC16       ; d_in[0], ffb                                                                                                                                            ; blue_out[0]                                                                                                                                            ;
;  B  ; LC21       ; csync                                                                                                                                                   ; cs_out                                                                                                                                                 ;
;  B  ; LC22       ; pix_clk, lpm_counter:div_nine_rtl_0|dffs[3], lpm_counter:div_nine_rtl_0|dffs[0]                                                                         ; lpm_counter:div_nine_rtl_0|dffs[0], lpm_counter:div_nine_rtl_0|dffs[1], lpm_counter:div_nine_rtl_0|dffs[2], lpm_counter:div_nine_rtl_0|dffs[3]         ;
;  B  ; LC19       ; en_in                                                                                                                                                   ; en_out                                                                                                                                                 ;
;  B  ; LC20       ; pix_clk, ffc, hsync                                                                                                                                     ; ffb, red_dff[3], red_dff[2], red_dff[1], red_dff[0]                                                                                                    ;
;  B  ; LC32       ; d_in[3], ffc                                                                                                                                            ; green_out[3]                                                                                                                                           ;
;  B  ; LC31       ; d_in[2], ffc                                                                                                                                            ; green_out[2]                                                                                                                                           ;
;  B  ; LC30       ; d_in[1], ffc                                                                                                                                            ; green_out[1]                                                                                                                                           ;
;  B  ; LC29       ; d_in[0], ffc                                                                                                                                            ; green_out[0]                                                                                                                                           ;
;  B  ; LC27       ; d_in[3], ffa                                                                                                                                            ; red_out[3]                                                                                                                                             ;
;  B  ; LC26       ; d_in[2], ffa                                                                                                                                            ; red_out[2]                                                                                                                                             ;
;  B  ; LC24       ; d_in[1], ffa                                                                                                                                            ; red_out[1]                                                                                                                                             ;
;  B  ; LC23       ; d_in[0], ffa                                                                                                                                            ; red_out[0]                                                                                                                                             ;
;  B  ; LC18       ; pix_clk, lpm_counter:div_nine_rtl_0|dffs[1], lpm_counter:div_nine_rtl_0|dffs[0], lpm_counter:div_nine_rtl_0|dffs[3]                                     ; lpm_counter:div_nine_rtl_0|dffs[1], lpm_counter:div_nine_rtl_0|dffs[2], lpm_counter:div_nine_rtl_0|dffs[3]                                             ;
;  B  ; LC17       ; pix_clk, lpm_counter:div_nine_rtl_0|dffs[1], lpm_counter:div_nine_rtl_0|dffs[0], lpm_counter:div_nine_rtl_0|dffs[3], lpm_counter:div_nine_rtl_0|dffs[2] ; lpm_counter:div_nine_rtl_0|dffs[2], lpm_counter:div_nine_rtl_0|dffs[3], op_3~1                                                                         ;
;  B  ; LC25       ; pix_clk, lpm_counter:div_nine_rtl_0|dffs[1], lpm_counter:div_nine_rtl_0|dffs[0], lpm_counter:div_nine_rtl_0|dffs[3], lpm_counter:div_nine_rtl_0|dffs[2] ; lpm_counter:div_nine_rtl_0|dffs[0], lpm_counter:div_nine_rtl_0|dffs[1], lpm_counter:div_nine_rtl_0|dffs[2], lpm_counter:div_nine_rtl_0|dffs[3], op_3~1 ;
;  B  ; LC28       ; lpm_counter:div_nine_rtl_0|dffs[3], lpm_counter:div_nine_rtl_0|dffs[2]                                                                                  ; sc_out                                                                                                                                                 ;
+-----+------------+---------------------------------------------------------------------------------------------------------------------------------------------------------+--------------------------------------------------------------------------------------------------------------------------------------------------------+


+---------------------------------------------------------------+
; Fitter Device Options                                         ;
+----------------------------------------------+----------------+
; Option                                       ; Setting        ;
+----------------------------------------------+----------------+
; Enable user-supplied start-up clock (CLKUSR) ; Off            ;
; Enable device-wide reset (DEV_CLRn)          ; Off            ;
; Enable device-wide output enable (DEV_OE)    ; Off            ;
; Enable INIT_DONE output                      ; Off            ;
; Configuration scheme                         ; Passive Serial ;
; Security bit                                 ; Off            ;
; Base pin-out file on sameframe device        ; Off            ;
+----------------------------------------------+----------------+


+-----------------+
; Fitter Messages ;
+-----------------+
Info: *******************************************************************
Info: Running Quartus II Fitter
    Info: Version 9.1 Build 222 10/21/2009 SJ Full Version
    Info: Processing started: Sun Jan 11 22:52:29 2015
Info: Command: quartus_fit --read_settings_files=off --write_settings_files=off GG_AV -c GG_AV
Info: Only one processor detected - disabling parallel compilation
Info: Selected device EPM3032ATC44-10 for design "GG_AV"
Info: Quartus II Fitter was successful. 0 errors, 0 warnings
    Info: Peak virtual memory: 156 megabytes
    Info: Processing ended: Sun Jan 11 22:52:30 2015
    Info: Elapsed time: 00:00:01
    Info: Total CPU time (on all processors): 00:00:00


